脚本版本：2026-07-27-v2-natural-report-sync-v4
v2主流程初始化成功
纽约日期：2026-07-27
cycle_id：20260727T095837
轮次处理：恢复已有轮次
原因：轮次状态允许恢复
轮次类型：execution_refresh
人工复查：skipped_by_flag
交易模式：live
当前步骤：RUN_EXECUTION
轮次状态：failed_retriable
下一步骤：RUN_EXECUTION
日期状态：/Users/wangao/Alpaca/var/shared/runtime/accounts/live1/strategies/core_long/1.2.0/2026-07-27/daily_state.json
轮次状态：/Users/wangao/Alpaca/var/shared/runtime/accounts/live1/strategies/core_long/1.2.0/2026-07-27/cycles/20260727T095837/cycle_state.json
轮次目录：/Users/wangao/Alpaca/var/shared/runtime/accounts/live1/strategies/core_long/1.2.0/2026-07-27/cycles/20260727T095837

阶段A基础设施已就绪。
Submission policy：alpaca_live@1.0.0
启动维护旧cycle：1
模式：dry-run
提交：0
取消确认：0
不确定：0
成交：0
部分成交：0
Open：0
拒绝：0
最终状态：failed_retriable
Cycle summary：/Users/wangao/Alpaca/var/shared/runtime/accounts/live1/strategies/core_long/1.2.0/2026-07-27/cycles/20260727T095837/cycle_summary.json
日报：/Users/wangao/Alpaca/var/shared/reports/accounts/live1/strategies/core_long/1.2.0/daily/2026-07-27.md
自然语言日报：/Users/wangao/Alpaca/var/shared/reports/accounts/live1/strategies/core_long/1.2.0/daily/2026-07-27.natural.md
